{
    "message": "The password field must be at least 8 characters.",
    "errors": {
        "password": [
            "The password field must be at least 8 characters."
        ]
    }
}
