{
    "message": "No query results for model [App\\Models\\Event\\Event] 1",
    "exception": "Symfony\\Component\\HttpKernel\\Exception\\NotFoundHttpException",
    "file": "/var/www/html/vendor/laravel/framework/src/Illuminate/Foundation/Exceptions/Handler.php",
    "line": 636,
    "trace": [
        {
            "file": "/var/www/html/vendor/laravel/framework/src/Illuminate/Foundation/Exceptions/Handler.php",
            "line": 584,
            "function": "prepareException",
            "class": "Illuminate\\Foundation\\Exceptions\\Handler",
            "type": "->"
        },
        {
            "file": "/var/www/html/vendor/laravel/framework/src/Illuminate/Routing/Pipeline.php",
            "line": 51,
            "function": "render",
            "class": "Illuminate\\Foundation\\Exceptions\\Handler",
            "type": "->"
        },
        {
            "file": "/var/www/html/vendor/laravel/framework/src/Illuminate/Pipeline/Pipeline.php",
            "line": 146,
            "function": "handleException",
            "class": "Illuminate\\Routing\\Pipeline",
            "type": "->"
        },
        {
            "file": "/var/www/html/vendor/laravel/framework/src/Illuminate/Routing/Middleware/SubstituteBindings.php",
            "line": 51,
            "function": "Illuminate\\Pipeline\\{closure}",
            "class": "Illuminate\\Pipeline\\Pipeline",
            "type": "->"
        },
        {
            "file": "/var/www/html/vendor/laravel/framework/src/Illuminate/Pipeline/Pipeline.php",
            "line": 183,
            "function": "handle",
            "class": "Illuminate\\Routing\\Middleware\\SubstituteBindings",
            "type": "->"
        },
        {
            "file": "/var/www/html/vendor/laravel/framework/src/Illuminate/Pipeline/Pipeline.php",
            "line": 119,
            "function": "Illuminate\\Pipeline\\{closure}",
            "class": "Illuminate\\Pipeline\\Pipeline",
            "type": "->"
        },
        {
            "file": "/var/www/html/vendor/laravel/framework/src/Illuminate/Routing/Router.php",
            "line": 807,
            "function": "then",
            "class": "Illuminate\\Pipeline\\Pipeline",
            "type": "->"
        },
        {
            "file": "/var/www/html/vendor/laravel/framework/src/Illuminate/Routing/Router.php",
            "line": 786,
            "function": "runRouteWithinStack",
            "class": "Illuminate\\Routing\\Router",
            "type": "->"
        },
        {
            "file": "/var/www/html/vendor/laravel/framework/src/Illuminate/Routing/Router.php",
            "line": 750,
            "function": "runRoute",
            "class": "Illuminate\\Routing\\Router",
            "type": "->"
        },
        {
            "file": "/var/www/html/vendor/laravel/framework/src/Illuminate/Routing/Router.php",
            "line": 739,
            "function": "dispatchToRoute",
            "class": "Illuminate\\Routing\\Router",
            "type": "->"
        },
        {
            "file": "/var/www/html/vendor/laravel/framework/src/Illuminate/Foundation/Http/Kernel.php",
            "line": 201,
            "function": "dispatch",
            "class": "Illuminate\\Routing\\Router",
            "type": "->"
        },
        {
            "file": "/var/www/html/vendor/laravel/framework/src/Illuminate/Pipeline/Pipeline.php",
            "line": 144,
            "function": "Illuminate\\Foundation\\Http\\{closure}",
            "class": "Illuminate\\Foundation\\Http\\Kernel",
            "type": "->"
        },
        {
            "file": "/var/www/html/vendor/laravel/framework/src/Illuminate/Foundation/Http/Middleware/TransformsRequest.php",
            "line": 21,
            "function": "Illuminate\\Pipeline\\{closure}",
            "class": "Illuminate\\Pipeline\\Pipeline",
            "type": "->"
        },
        {
            "file": "/var/www/html/vendor/laravel/framework/src/Illuminate/Foundation/Http/Middleware/ConvertEmptyStringsToNull.php",
            "line": 31,
            "function": "handle",
            "class": "Illuminate\\Foundation\\Http\\Middleware\\TransformsRequest",
            "type": "->"
        },
        {
            "file": "/var/www/html/vendor/laravel/framework/src/Illuminate/Pipeline/Pipeline.php",
            "line": 183,
            "function": "handle",
            "class": "Illuminate\\Foundation\\Http\\Middleware\\ConvertEmptyStringsToNull",
            "type": "->"
        },
        {
            "file": "/var/www/html/vendor/laravel/framework/src/Illuminate/Foundation/Http/Middleware/TransformsRequest.php",
            "line": 21,
            "function": "Illuminate\\Pipeline\\{closure}",
            "class": "Illuminate\\Pipeline\\Pipeline",
            "type": "->"
        },
        {
            "file": "/var/www/html/vendor/laravel/framework/src/Illuminate/Foundation/Http/Middleware/TrimStrings.php",
            "line": 51,
            "function": "handle",
            "class": "Illuminate\\Foundation\\Http\\Middleware\\TransformsRequest",
            "type": "->"
        },
        {
            "file": "/var/www/html/vendor/laravel/framework/src/Illuminate/Pipeline/Pipeline.php",
            "line": 183,
            "function": "handle",
            "class": "Illuminate\\Foundation\\Http\\Middleware\\TrimStrings",
            "type": "->"
        },
        {
            "file": "/var/www/html/vendor/laravel/framework/src/Illuminate/Http/Middleware/ValidatePostSize.php",
            "line": 27,
            "function": "Illuminate\\Pipeline\\{closure}",
            "class": "Illuminate\\Pipeline\\Pipeline",
            "type": "->"
        },
        {
            "file": "/var/www/html/vendor/laravel/framework/src/Illuminate/Pipeline/Pipeline.php",
            "line": 183,
            "function": "handle",
            "class": "Illuminate\\Http\\Middleware\\ValidatePostSize",
            "type": "->"
        },
        {
            "file": "/var/www/html/vendor/laravel/framework/src/Illuminate/Foundation/Http/Middleware/PreventRequestsDuringMaintenance.php",
            "line": 110,
            "function": "Illuminate\\Pipeline\\{closure}",
            "class": "Illuminate\\Pipeline\\Pipeline",
            "type": "->"
        },
        {
            "file": "/var/www/html/vendor/laravel/framework/src/Illuminate/Pipeline/Pipeline.php",
            "line": 183,
            "function": "handle",
            "class": "Illuminate\\Foundation\\Http\\Middleware\\PreventRequestsDuringMaintenance",
            "type": "->"
        },
        {
            "file": "/var/www/html/vendor/laravel/framework/src/Illuminate/Http/Middleware/HandleCors.php",
            "line": 62,
            "function": "Illuminate\\Pipeline\\{closure}",
            "class": "Illuminate\\Pipeline\\Pipeline",
            "type": "->"
        },
        {
            "file": "/var/www/html/vendor/laravel/framework/src/Illuminate/Pipeline/Pipeline.php",
            "line": 183,
            "function": "handle",
            "class": "Illuminate\\Http\\Middleware\\HandleCors",
            "type": "->"
        },
        {
            "file": "/var/www/html/vendor/laravel/framework/src/Illuminate/Http/Middleware/TrustProxies.php",
            "line": 58,
            "function": "Illuminate\\Pipeline\\{closure}",
            "class": "Illuminate\\Pipeline\\Pipeline",
            "type": "->"
        },
        {
            "file": "/var/www/html/vendor/laravel/framework/src/Illuminate/Pipeline/Pipeline.php",
            "line": 183,
            "function": "handle",
            "class": "Illuminate\\Http\\Middleware\\TrustProxies",
            "type": "->"
        },
        {
            "file": "/var/www/html/vendor/laravel/framework/src/Illuminate/Foundation/Http/Middleware/InvokeDeferredCallbacks.php",
            "line": 22,
            "function": "Illuminate\\Pipeline\\{closure}",
            "class": "Illuminate\\Pipeline\\Pipeline",
            "type": "->"
        },
        {
            "file": "/var/www/html/vendor/laravel/framework/src/Illuminate/Pipeline/Pipeline.php",
            "line": 183,
            "function": "handle",
            "class": "Illuminate\\Foundation\\Http\\Middleware\\InvokeDeferredCallbacks",
            "type": "->"
        },
        {
            "file": "/var/www/html/vendor/laravel/framework/src/Illuminate/Pipeline/Pipeline.php",
            "line": 119,
            "function": "Illuminate\\Pipeline\\{closure}",
            "class": "Illuminate\\Pipeline\\Pipeline",
            "type": "->"
        },
        {
            "file": "/var/www/html/vendor/laravel/framework/src/Illuminate/Foundation/Http/Kernel.php",
            "line": 176,
            "function": "then",
            "class": "Illuminate\\Pipeline\\Pipeline",
            "type": "->"
        },
        {
            "file": "/var/www/html/vendor/laravel/framework/src/Illuminate/Foundation/Http/Kernel.php",
            "line": 145,
            "function": "sendRequestThroughRouter",
            "class": "Illuminate\\Foundation\\Http\\Kernel",
            "type": "->"
        },
        {
            "file": "/var/www/html/vendor/laravel/framework/src/Illuminate/Foundation/Testing/Concerns/MakesHttpRequests.php",
            "line": 606,
            "function": "handle",
            "class": "Illuminate\\Foundation\\Http\\Kernel",
            "type": "->"
        },
        {
            "file": "/var/www/html/vendor/laravel/framework/src/Illuminate/Foundation/Testing/Concerns/MakesHttpRequests.php",
            "line": 572,
            "function": "call",
            "class": "Illuminate\\Foundation\\Testing\\TestCase",
            "type": "->"
        },
        {
            "file": "/var/www/html/vendor/laravel/framework/src/Illuminate/Foundation/Testing/Concerns/MakesHttpRequests.php",
            "line": 440,
            "function": "json",
            "class": "Illuminate\\Foundation\\Testing\\TestCase",
            "type": "->"
        },
        {
            "file": "/var/www/html/tests/Feature/Controller/Event/EventTest.php",
            "line": 156,
            "function": "putJson",
            "class": "Illuminate\\Foundation\\Testing\\TestCase",
            "type": "->"
        },
        {
            "file": "/var/www/html/vendor/phpunit/phpunit/src/Framework/TestCase.php",
            "line": 1232,
            "function": "update_event_not_found",
            "class": "Tests\\Feature\\Controller\\Event\\EventTest",
            "type": "->"
        },
        {
            "file": "/var/www/html/vendor/phpunit/phpunit/src/Framework/TestCase.php",
            "line": 513,
            "function": "runTest",
            "class": "PHPUnit\\Framework\\TestCase",
            "type": "->"
        },
        {
            "file": "/var/www/html/vendor/phpunit/phpunit/src/Framework/TestRunner/TestRunner.php",
            "line": 87,
            "function": "runBare",
            "class": "PHPUnit\\Framework\\TestCase",
            "type": "->"
        },
        {
            "file": "/var/www/html/vendor/phpunit/phpunit/src/Framework/TestCase.php",
            "line": 360,
            "function": "run",
            "class": "PHPUnit\\Framework\\TestRunner",
            "type": "->"
        },
        {
            "file": "/var/www/html/vendor/phpunit/phpunit/src/Framework/TestSuite.php",
            "line": 369,
            "function": "run",
            "class": "PHPUnit\\Framework\\TestCase",
            "type": "->"
        },
        {
            "file": "/var/www/html/vendor/phpunit/phpunit/src/Framework/TestSuite.php",
            "line": 369,
            "function": "run",
            "class": "PHPUnit\\Framework\\TestSuite",
            "type": "->"
        },
        {
            "file": "/var/www/html/vendor/phpunit/phpunit/src/Framework/TestSuite.php",
            "line": 369,
            "function": "run",
            "class": "PHPUnit\\Framework\\TestSuite",
            "type": "->"
        },
        {
            "file": "/var/www/html/vendor/phpunit/phpunit/src/TextUI/TestRunner.php",
            "line": 64,
            "function": "run",
            "class": "PHPUnit\\Framework\\TestSuite",
            "type": "->"
        },
        {
            "file": "/var/www/html/vendor/phpunit/phpunit/src/TextUI/Application.php",
            "line": 210,
            "function": "run",
            "class": "PHPUnit\\TextUI\\TestRunner",
            "type": "->"
        },
        {
            "file": "/var/www/html/vendor/phpunit/phpunit/phpunit",
            "line": 104,
            "function": "run",
            "class": "PHPUnit\\TextUI\\Application",
            "type": "->"
        }
    ]
}
